// Jest Snapshot v1, https://goo.gl/fbAQLP

exports[`Banner component renders 1`] = `
<DocumentFragment>
  <header
    class="banner"
    style="background-size: cover; background-position: center center;"
  >
    <div
      class="banner__contents"
    >
      <h1
        class="banner__title"
      />
      <h1
        class="banner__description"
      />
      <div
        class="banner__buttons"
      >
        <button
          class="banner__button"
        >
          Play
        </button>
        <button
          class="banner__button"
        >
          More Info
        </button>
      </div>
    </div>
    <div
      class="banner--fadeBottom"
    />
  </header>
</DocumentFragment>
`;

exports[`Banner component renders empty 1`] = `
<DocumentFragment>
  <header
    class="banner"
    style="background-size: cover; background-position: center center;"
  >
    <div
      class="banner__contents"
    >
      <h1
        class="banner__title"
      />
      <h1
        class="banner__description"
      />
      <div
        class="banner__buttons"
      >
        <button
          class="banner__button"
        >
          Play
        </button>
        <button
          class="banner__button"
        >
          More Info
        </button>
      </div>
    </div>
    <div
      class="banner--fadeBottom"
    />
  </header>
</DocumentFragment>
`;

exports[`Banner component renders with data 1`] = `
<DocumentFragment>
  <header
    class="banner"
    style="background-size: cover; background-position: center center;"
  >
    <div
      class="banner__contents"
    >
      <h1
        class="banner__title"
      />
      <h1
        class="banner__description"
      />
      <div
        class="banner__buttons"
      >
        <button
          class="banner__button"
        >
          Play
        </button>
        <button
          class="banner__button"
        >
          More Info
        </button>
      </div>
    </div>
    <div
      class="banner--fadeBottom"
    />
  </header>
</DocumentFragment>
`;
